// Jest Snapshot v1, https://goo.gl/fbAQLP

exports[`App renders correctly 1`] = `
<App>
  <div>
    <AppHeader />
    <ForwardRef(Bootstrap(Container))
      className="mainContent"
    >
      <Container
        as="div"
        bsPrefix="container"
        className="mainContent"
        fluid={false}
      >
        <div
          className="mainContent container"
        >
          <CommandPage />
        </div>
      </Container>
    </ForwardRef(Bootstrap(Container))>
  </div>
</App>
`;
